S,A,B,C
a,b
S
S->aaaaaB
A->aaaaaB
B->Bbbbbb
B->bbbbb
