S,A,B,a',b'
a,b
S
a'->a
S->a'B
b'->b
B->b'A
A->a'A
