S,A,B,C,a',b'
a,b
S
a'->a
S->a'B
C->a'B
b'->b
B->b'A
A->a'A
